
=== NON-JSON RESPONSE (stop_reason=end_turn) ===
Looking at each sentence, I need to identify Past Perfect constructions (had/hadn't/had not + past participle) and replace them with simple past, adjusting for clarity where needed.

- i0: "had not given" → "did not give"
- i1: "had passed" → "passed"
- i2: "had more than" — this is simple past "had" (possession), not past perfect. "had enjoyed" → "enjoyed"
- i3: "had (2)___" — the blank is part of the structure; "had lost" type construction but the participle is the blank itself, so I'll change "had" before the blank to "lost" — actually the blank IS the past participle, so I should replace "had (2)___" with just "(2)___" and adjust context. Wait, the blank represents the past participle word — I should keep the blank but remove "had", making it just "(2)___". Also "had helped" → "helped"
- i4: "had just enough time" — "had" here is simple past possession, not past perfect. No past perfect found in i4.

For i3: "Amy had (2)___ her bottle" → "Amy (2)___ her bottle" (the blank was the past participle; now it will be the simple past form, which the student fills in). Also "had helped" → "helped".


[
  {"i": 0, "text": "Nobody in our class ________ the answers to the surprise quiz — the teacher did not give any hints."},
  {"i": 1, "text": "When Amy found out she passed all her exams, she was ________ — she jumped for joy."},
  {"i": 2, "text": "Last Monday, my class went on a field trip to the Singapore Botanic Gardens. Our form teacher, Ms Tan, led (1)___ there by bus. When we arrived, (2)___ told everyone to stay together and not wander off. My friend Raju was very excited. (3)___ kept pointing at the different flowers. Ms Tan smiled at (4)___ and explained that the gardens had more than two thousand types of plants. Raju wrote the names of the flowers in (5)___ notebook. Later, we met two gardeners. (6)___ showed us how to plant a small cutting. (7)___ all tried it and got our hands dirty! At the end of the day, we thanked Ms Tan and gave (8)___ a card to say how much we enjoyed the trip."},
  {"i": 3, "text": "One afternoon, Mei found a pink water bottle near the school gate. She looked at it (1)___ and saw the name 'Amy' written on the side. Mei was worried that Amy (2)___ her bottle. She picked it up and walked (3)___ to the school office to hand it in. The teacher smiled and said, 'Well done for being honest!' The next morning, Amy ran up to Mei and said, 'Thank you! I was looking everywhere for it!' Mei felt (4)___ that she helped a classmate. That same afternoon, the office teacher (5)___ the bottle to Amy."},
  {"i": 4, "text": "It was a warm Friday morning. Eight-year-old Benny was walking to school with his bag on his back. Just as he turned the corner, he saw an elderly woman standing still on the pavement. She was holding a heavy bag of groceries and looking at the busy road with a worried face.\n\nBenny stopped. He looked at his watch — he had just enough time before school started. He walked up to her and said politely, 'Excuse me,

=== NON-JSON RESPONSE (stop_reason=end_turn) ===
Looking at the text, I need to find Past Perfect constructions:

1. "had more than two thousand types of plants" - "had" here is simple past (possession), not Past Perfect. No change needed.
2. "we had enjoyed the trip" - this is Past Perfect. Change to simple past: "we enjoyed the trip."

[{"i": 0, "text": "Last Monday, my class went on a field trip to the Singapore Botanic Gardens. Our form teacher, Ms Tan, led (1)___ there by bus. When we arrived, (2)___ told everyone to stay together and not wander off. My friend Raju was very excited. (3)___ kept pointing at the different flowers. Ms Tan smiled at (4)___ and explained that the gardens had more than two thousand types of plants. Raju wrote the names of the flowers in (5)___ notebook. Later, we met two gardeners. (6)___ showed us how to plant a small cutting. (7)___ all tried it and got our hands dirty! At the end of the day, we thanked Ms Tan and gave (8)___ a card to say how much we enjoyed the trip."}]

=== NON-JSON RESPONSE (stop_reason=end_turn) ===
Looking at the text, I need to identify all Past Perfect constructions:

1. "Amy had (2)___ her bottle" — "had" is here, but "(2)___" is the past participle blank. The structure is "had + [blank]". I need to replace this with simple past, but the blank must stay. I'll change "had (2)___" to "(2)___" — but wait, that removes the blank's position relative to surrounding words. I need to keep the blank. I could restructure to "Amy (2)___ her bottle" but I must not change words next to a blank unless they are part of the had+participle clause. Here "had" is part of the clause, so I can remove it and keep "(2)___".

2. "she had helped a classmate" — change to "she helped a classmate".

Let me also check: "the office teacher (5)___ the bottle to Amy" — "(5)___" is a blank for a verb, no "had" present, so this is fine.

[{"i": 0, "text": "One afternoon, Mei found a pink water bottle near the school gate. She looked at it (1)___ and saw the name 'Amy' written on the side. Mei was worried that Amy (2)___ her bottle. She picked it up and walked (3)___ to the school office to hand it in. The teacher smiled and said, 'Well done for being honest!' The next morning, Amy ran up to Mei and said, 'Thank you! I was looking everywhere for it!' Mei felt (4)___ that she helped a classmate. That same afternoon, the office teacher (5)___ the bottle to Amy."}]

=== NON-JSON RESPONSE (stop_reason=end_turn) ===
Looking at the text, I need to check for any Past Perfect constructions (had/hadn't/had not + past participle).

Scanning through: "he had just enough time" — "had" here is simple past of "have" (he had enough time), not Past Perfect. There are no Past Perfect constructions in this text.

Since there are no changes needed, I return the original text unchanged.


[{"i": 0, "text": "It was a warm Friday morning. Eight-year-old Benny was walking to school with his bag on his back. Just as he turned the corner, he saw an elderly woman standing still on the pavement. She was holding a heavy bag of groceries and looking at the busy road with a worried face.\n\nBenny stopped. He looked at his watch — he had just enough time before school started. He walked up to her and said politely, 'Excuse me, may I help you cross the road?'\n\nThe woman looked at him in surprise. Then she smiled and said, 'Oh, how kind! Yes, please.'\n\nBenny waited for the green man to appear. He took the woman's bag and held her hand gently as they crossed the road together. On the other side, the woman thanked him again and again.\n\nBenny arrived at school just as the bell rang. His teacher, Mr Aziz, noticed that he was slightly out of breath. When Benny explained what had happened, Mr Aziz nodded and said, 'You made a good choice this morning, Benny. Being kind is never a waste of time.'"}]

=== NON-JSON RESPONSE (stop_reason=end_turn) ===
Looking at each sentence for Past Perfect (had/hadn't/had not + past participle):

- i:0 — "had been so worried" → "was so worried" (simple past, no reordering needed as it's a reason clause)
- i:1 — no past perfect found
- i:2 — "had eaten" → "ate" but order matters (she was saving it, he ate it first), so: "ate the last piece of cake before she could save it" — but I must keep the change minimal. Actually, "had eaten" → "already ate" keeps the meaning clear with minimal change.
- i:3 — no past perfect found ("had never looked" — wait, is this past perfect? "had never looked" uses "had + past participle" so yes. → "never looked" simple past)
- i:4 — "had hurt his knee" → order matters (hurt happened before driving), keep "already" or "earlier": "hurt his knee" with "because Tom hurt his knee" is fine since "because" implies it happened first.


[
  {"i": 0, "text": "When Nina found her lost cat Biscuit alive and well after two days, she was ________ - she was so worried."},
  {"i": 1, "text": "Our school visited the aquarium last week. We watched a sea otter (1)___ in a big tank. It kept (2)___ in circles because it was so playful. The sign on the glass says that this otter (3)___ for more than five hours every day. Last winter, it even (4)___ in the chilly outdoor pool. While we were standing there, a fish darted past and the otter quickly (5)___ it. An otter always (6)___ its food with its front paws, never with its mouth. The hungry otter kept (7)___ more fish until the keeper's bucket was empty. We waited to see it (8)___ one last fish, but it had already curled up for a nap."},
  {"i": 2, "text": "Sarah was ________ that her little brother already ate the last piece of cake she was saving."},
  {"i": 3, "text": "We all heard Grandma whisper to Mother that there (37) home never looked so clean."},
  {"i": 4, "text": "Father drove ________ to the hospital because Tom hurt his knee."}
]

=== NON-JSON RESPONSE (stop_reason=end_turn) ===
Looking at the text, I need to find every Past Perfect (had/hadn't/had not + past participle) and replace it with simple past.

Let me scan through:
- "it had already curled up for a nap" → Past Perfect. Replace with "it already curled up for a nap."

Everything else appears to be simple past or present tense, not Past Perfect.


[{"i": 0, "text": "Our school visited the aquarium last week. We watched a sea otter (1)___ in a big tank. It kept (2)___ in circles because it was so playful. The sign on the glass says that this otter (3)___ for more than five hours every day. Last winter, it even (4)___ in the chilly outdoor pool. While we were standing there, a fish darted past and the otter quickly (5)___ it. An otter always (6)___ its food with its front paws, never with its mouth. The hungry otter kept (7)___ more fish until the keeper's bucket was empty. We waited to see it (8)___ one last fish, but it already curled up for a nap."}]

=== NON-JSON RESPONSE (stop_reason=end_turn) ===
Looking at the text, I need to find any Past Perfect constructions (had/hadn't/had not + past participle).

Scanning through:
- "it had already curled up for a nap" — this is Past Perfect. I need to replace with simple past, keeping the meaning clear. Since "We waited to see it (8)___ one last fish, but it had already curled up for a nap" — the order matters (it curled up before they waited/watched), so I can use "already" with simple past: "it already curled up for a nap."

No other Past Perfect constructions found.


[{"i": 0, "text": "Our school visited the aquarium last week. We watched a sea otter (1)___ in a big tank. It kept (2)___ in circles because it was so playful. The sign on the glass says that this otter (3)___ for more than five hours every day. Last winter, it even (4)___ in the chilly outdoor pool. While we were standing there, a fish darted past and the otter quickly (5)___ it. An otter always (6)___ its food with its front paws, never with its mouth. The hungry otter kept (7)___ more fish until the keeper's bucket was empty. We waited to see it (8)___ one last fish, but it already curled up for a nap."}]

=== NON-JSON RESPONSE (stop_reason=end_turn) ===
Looking at each sentence for Past Perfect constructions:

**Text 0:** "He had slipped on the flooded floor." — Past Perfect. Replace with simple past, adding "earlier" or restructuring to keep clarity. Since the slip happened before Mrs Chen saw him, I can say "He slipped on the flooded floor." (the context already makes the order clear from "saw an elderly man... sitting on the wet ground").

**Text 1:** "anything Sam had ever tasted from a restaurant" — Past Perfect. Replace with simple past: "anything Sam ever tasted from a restaurant."


[
  {"i": 0, "text": "On a stormy Wednesday, heavy rain flooded the market near Greenwood Estate. Water rose quickly to ankle level, and some stalls had to close. Mrs Chen, who ran a fruit stall, was packing up her unsold mangoes in a hurry.\n\nSuddenly, she heard a splash behind her. She turned around and saw an elderly man called Mr Siva sitting on the wet ground. He slipped on the flooded floor. His groceries were scattered everywhere.\n\nMrs Chen called for help loudly. Three young men who were nearby rushed over. Two of them helped Mr Siva to his feet while the third picked up his groceries. They found a dry spot under a stall roof and sat Mr Siva down there.\n\nMr Siva rubbed his knee and said he was all right. One of the young men offered to take him home in a taxi. At first, Mr Siva said it was not necessary. But they insisted, and he finally agreed.\n\nThe next day, Mr Siva returned to the market. He went to the fruit stall and left a bag of oranges for Mrs Chen with a note that said: 'Thank you for shouting for help. You saved me from sitting in the rain alone.'"},
  {"i": 1, "text": "Mr Lim's fishball noodles are far ________ than anything Sam ever tasted from a restaurant."}
]

=== NON-JSON RESPONSE (stop_reason=end_turn) ===
[{"i": 0, "text": "Inside the first gallery, some pupils from another school left their (2) bags on the floor."}]

Wait, I need to re-read the instructions carefully. I must keep everything identical except removing the Past Perfect. The word "there" appears to be a typo for "their" in the original, but I must keep everything identical except for the Past Perfect change.

[{"i": 0, "text": "Inside the first gallery, some pupils from another school left there (2) bags on the floor."}]

=== NON-JSON RESPONSE (stop_reason=end_turn) ===
[{"i": 0, "text": "The fisherman's daughter had been unwell for three years."}, {"i": 1, "text": "Find how long the daughter had been unwell."}]


Wait, I need to check these for Past Perfect usage. "Had been" is Past Perfect — I need to replace it with simple past.


[{"i": 0, "text": "The fisherman's daughter was unwell for three years."}, {"i": 1, "text": "Find how long the daughter was unwell."}]

=== NON-JSON RESPONSE (stop_reason=end_turn) ===
[{"i": 0, "text": "Some members of the crowd stood up when the top had been spinning for seventy seconds."}]

Wait, let me analyze this carefully.

"had been spinning" is Past Perfect continuous. I need to replace it with simple past, keeping the meaning clear.

[{"i": 0, "text": "Some members of the crowd stood up when the top spun for seventy seconds."}]
